2026-03-31 14:25:57 - 数据库连接失败，将只执行爬虫采集：数据库连接失败: SQLSTATE[HY000] [2002] No such file or directory
2026-03-31 14:28:12 - 数据库连接失败，将只执行爬虫采集：数据库连接失败: SQLSTATE[HY000] [2002] No such file or directory
2026-03-31 14:28:51 - 数据库连接失败，将只执行爬虫采集：数据库连接失败: SQLSTATE[HY000] [2002] No such file or directory
2026-03-31 14:31:53 - 数据库连接失败，将只执行爬虫采集：数据库连接失败: SQLSTATE[HY000] [2002] No such file or directory
2026-03-31 14:32:29 - 数据库连接失败，将只执行爬虫采集：数据库连接失败: SQLSTATE[HY000] [2002] No such file or directory
2026-03-31 14:32:38 - 数据库连接失败，将只执行爬虫采集：数据库连接失败: SQLSTATE[HY000] [2002] No such file or directory
2026-03-31 14:33:28 - 数据库连接失败，将只执行爬虫采集：数据库连接失败: SQLSTATE[HY000] [2002] No such file or directory
2026-03-31 14:37:49 - 数据库连接失败，将只执行爬虫采集：数据库连接失败: SQLSTATE[HY000] [2002] No such file or directory
2026-03-31 14:38:03 - 数据库连接失败，将只执行爬虫采集：数据库连接失败: SQLSTATE[HY000] [2002] No such file or directory
2026-03-31 15:37:28 - 数据库连接失败，将只执行爬虫采集：数据库连接失败: SQLSTATE[HY000] [2002] No such file or directory
2026-03-31 15:37:37 - 数据库连接失败，将只执行爬虫采集：数据库连接失败: SQLSTATE[HY000] [2002] No such file or directory
2026-03-31 15:39:01 - 数据库连接失败，将只执行爬虫采集：数据库连接失败: SQLSTATE[HY000] [2002] No such file or directory
2026-03-31 15:40:17 - 数据库连接失败，将只执行爬虫采集：数据库连接失败: SQLSTATE[HY000] [2002] No such file or directory
2026-03-31 15:40:17 - 开始抓取页面: /jyxx/001001/001001003/001001003001/sec.html?pageNum=1&title=结算
2026-03-31 15:40:18 - 抓取页面成功，开始解析
2026-03-31 15:40:18 - 找到 15 个链接
2026-03-31 15:40:18 - 跳过不匹配关键词的项目: [安吉县][正在报名]安吉县生态资源循环利用基地一期堆场拆房垃圾处置服务采购项目
2026-03-31 15:40:18 - 跳过不匹配关键词的项目: [安吉县][正在报名]林地空间综合治理项目管护情况验收调查购买服务项目
2026-03-31 15:40:18 - 跳过不匹配关键词的项目: [南太湖新区][正在报名]南太湖洲际酒店餐饮管事员及餐饮小时工服务项目
2026-03-31 15:40:18 - 跳过不匹配关键词的项目: [南太湖新区][正在报名]南太湖洲际酒店客房清扫员和公区保洁员服务项目
2026-03-31 15:40:18 - 跳过不匹配关键词的项目: [吴兴区][正在报名]八里店镇北片11个安置房小区物业管理项目
2026-03-31 15:40:18 - 跳过不匹配关键词的项目: [安吉县][正在报名]关于半导体产业投资基金组建及基金管理人遴选采购项目的招标公告
2026-03-31 15:40:18 - 跳过不匹配关键词的项目: [吴兴区][正在报名]吴兴文旅集团低空经济建设项目方案研究
2026-03-31 15:40:18 - 跳过不匹配关键词的项目: [长合区][正在报名]浙江长创环境科技有限公司劳务外包服务采购项目
2026-03-31 15:40:18 - 跳过不匹配关键词的项目: [安吉县][正在报名]齐云书院智慧校园采购项目
2026-03-31 15:40:18 - 跳过不匹配关键词的项目: [南浔区][正在报名]港廊古村青年入乡合作运营项目
2026-03-31 15:40:18 - 跳过不匹配关键词的项目: [市本级][正在报名]雷博公司劳务派遣信息管理系统升级迭代项目
2026-03-31 15:40:18 - 跳过不匹配关键词的项目: [吴兴区][正在报名]2026年度湖州国际红土网球中心（西区）场馆运营服务采购项目
2026-03-31 15:40:18 - 跳过不匹配关键词的项目: [德清县][正在报名]欧邦工程管理集团有限公司关于湖州莫干山高新酒店管理有限公司及下属分公司酒店布草洗涤服务采购的公开招标采购公告
2026-03-31 15:40:18 - 跳过不匹配关键词的项目: [南太湖新区][正在报名]2026年度湖州锦实股权投资有限公司财务咨询服务定点入库预发包项目
2026-03-31 15:40:18 - 跳过不匹配关键词的项目: [南浔区][正在报名]2026第九届石淙花海龙虾节活动项目
2026-03-31 15:40:18 - 是否有下一页: 否
2026-03-31 15:40:18 - 当前采集到的数据量: 0
2026-03-31 15:40:20 - 采集完成，总共采集到 0 条数据
2026-03-31 15:41:06 - 数据库连接失败，将只执行爬虫采集：数据库连接失败: SQLSTATE[HY000] [2002] No such file or directory
2026-03-31 15:41:06 - 开始抓取页面: /jyxx/001001/001001003/001001003001/sec.html?pageNum=1&title=结算
2026-03-31 15:41:06 - 抓取页面成功，开始解析
2026-03-31 15:41:06 - 找到 15 个链接
2026-03-31 15:41:06 - 跳过不匹配关键词的项目: [安吉县][正在报名]安吉县生态资源循环利用基地一期堆场拆房垃圾处置服务采购项目
2026-03-31 15:41:06 - 跳过不匹配关键词的项目: [安吉县][正在报名]林地空间综合治理项目管护情况验收调查购买服务项目
2026-03-31 15:41:06 - 跳过不匹配关键词的项目: [南太湖新区][正在报名]南太湖洲际酒店餐饮管事员及餐饮小时工服务项目
2026-03-31 15:41:06 - 跳过不匹配关键词的项目: [南太湖新区][正在报名]南太湖洲际酒店客房清扫员和公区保洁员服务项目
2026-03-31 15:41:06 - 跳过不匹配关键词的项目: [吴兴区][正在报名]八里店镇北片11个安置房小区物业管理项目
2026-03-31 15:41:06 - 跳过不匹配关键词的项目: [安吉县][正在报名]关于半导体产业投资基金组建及基金管理人遴选采购项目的招标公告
2026-03-31 15:41:06 - 跳过不匹配关键词的项目: [吴兴区][正在报名]吴兴文旅集团低空经济建设项目方案研究
2026-03-31 15:41:06 - 跳过不匹配关键词的项目: [长合区][正在报名]浙江长创环境科技有限公司劳务外包服务采购项目
2026-03-31 15:41:06 - 跳过不匹配关键词的项目: [安吉县][正在报名]齐云书院智慧校园采购项目
2026-03-31 15:41:06 - 跳过不匹配关键词的项目: [南浔区][正在报名]港廊古村青年入乡合作运营项目
2026-03-31 15:41:06 - 跳过不匹配关键词的项目: [市本级][正在报名]雷博公司劳务派遣信息管理系统升级迭代项目
2026-03-31 15:41:06 - 跳过不匹配关键词的项目: [吴兴区][正在报名]2026年度湖州国际红土网球中心（西区）场馆运营服务采购项目
2026-03-31 15:41:06 - 跳过不匹配关键词的项目: [德清县][正在报名]欧邦工程管理集团有限公司关于湖州莫干山高新酒店管理有限公司及下属分公司酒店布草洗涤服务采购的公开招标采购公告
2026-03-31 15:41:06 - 跳过不匹配关键词的项目: [南太湖新区][正在报名]2026年度湖州锦实股权投资有限公司财务咨询服务定点入库预发包项目
2026-03-31 15:41:06 - 跳过不匹配关键词的项目: [南浔区][正在报名]2026第九届石淙花海龙虾节活动项目
2026-03-31 15:41:06 - 是否有下一页: 否
2026-03-31 15:41:06 - 当前采集到的数据量: 0
2026-03-31 15:41:08 - 采集完成，总共采集到 0 条数据
2026-03-31 15:41:22 - 数据库连接失败，将只执行爬虫采集：数据库连接失败: SQLSTATE[HY000] [2002] No such file or directory
2026-03-31 15:41:22 - 开始抓取页面: /jyxx/001001/001001003/001001003001/sec.html?pageNum=1&title=生态
2026-03-31 15:41:22 - 抓取页面成功，开始解析
2026-03-31 15:41:22 - 找到 15 个链接
2026-03-31 15:41:22 - 找到匹配关键词的项目: [安吉县][正在报名]安吉县生态资源循环利用基地一期堆场拆房垃圾处置服务采购项目
2026-03-31 15:41:22 - 添加项目: 安吉县生态资源循环利用基地一期堆场拆房垃圾处置服务采购项目
2026-03-31 15:41:22 - 跳过不匹配关键词的项目: [安吉县][正在报名]林地空间综合治理项目管护情况验收调查购买服务项目
2026-03-31 15:41:22 - 跳过不匹配关键词的项目: [南太湖新区][正在报名]南太湖洲际酒店餐饮管事员及餐饮小时工服务项目
2026-03-31 15:41:22 - 跳过不匹配关键词的项目: [南太湖新区][正在报名]南太湖洲际酒店客房清扫员和公区保洁员服务项目
2026-03-31 15:41:22 - 跳过不匹配关键词的项目: [吴兴区][正在报名]八里店镇北片11个安置房小区物业管理项目
2026-03-31 15:41:22 - 跳过不匹配关键词的项目: [安吉县][正在报名]关于半导体产业投资基金组建及基金管理人遴选采购项目的招标公告
2026-03-31 15:41:22 - 跳过不匹配关键词的项目: [吴兴区][正在报名]吴兴文旅集团低空经济建设项目方案研究
2026-03-31 15:41:22 - 跳过不匹配关键词的项目: [长合区][正在报名]浙江长创环境科技有限公司劳务外包服务采购项目
2026-03-31 15:41:22 - 跳过不匹配关键词的项目: [安吉县][正在报名]齐云书院智慧校园采购项目
2026-03-31 15:41:22 - 跳过不匹配关键词的项目: [南浔区][正在报名]港廊古村青年入乡合作运营项目
2026-03-31 15:41:22 - 跳过不匹配关键词的项目: [市本级][正在报名]雷博公司劳务派遣信息管理系统升级迭代项目
2026-03-31 15:41:22 - 跳过不匹配关键词的项目: [吴兴区][正在报名]2026年度湖州国际红土网球中心（西区）场馆运营服务采购项目
2026-03-31 15:41:22 - 跳过不匹配关键词的项目: [德清县][正在报名]欧邦工程管理集团有限公司关于湖州莫干山高新酒店管理有限公司及下属分公司酒店布草洗涤服务采购的公开招标采购公告
2026-03-31 15:41:22 - 跳过不匹配关键词的项目: [南太湖新区][正在报名]2026年度湖州锦实股权投资有限公司财务咨询服务定点入库预发包项目
2026-03-31 15:41:22 - 跳过不匹配关键词的项目: [南浔区][正在报名]2026第九届石淙花海龙虾节活动项目
2026-03-31 15:41:22 - 是否有下一页: 否
2026-03-31 15:41:22 - 当前采集到的数据量: 1
2026-03-31 15:41:24 - 采集完成，总共采集到 1 条数据
2026-03-31 15:49:59 - 数据库连接失败，将只执行爬虫采集：数据库连接失败: SQLSTATE[HY000] [2002] No such file or directory
2026-03-31 15:49:59 - 开始抓取页面: /jyxx/001001/001001003/001001003001/sec.html?pageNum=1&title=生态
2026-03-31 15:49:59 - 抓取页面成功，开始解析
2026-03-31 15:49:59 - 找到 15 个链接
2026-03-31 15:49:59 - 找到匹配关键词的项目: [安吉县][正在报名]安吉县生态资源循环利用基地一期堆场拆房垃圾处置服务采购项目
2026-03-31 15:49:59 - 添加项目: 安吉县生态资源循环利用基地一期堆场拆房垃圾处置服务采购项目
2026-03-31 15:49:59 - 跳过不匹配关键词的项目: [安吉县][正在报名]林地空间综合治理项目管护情况验收调查购买服务项目
2026-03-31 15:49:59 - 跳过不匹配关键词的项目: [南太湖新区][正在报名]南太湖洲际酒店餐饮管事员及餐饮小时工服务项目
2026-03-31 15:49:59 - 跳过不匹配关键词的项目: [南太湖新区][正在报名]南太湖洲际酒店客房清扫员和公区保洁员服务项目
2026-03-31 15:49:59 - 跳过不匹配关键词的项目: [吴兴区][正在报名]八里店镇北片11个安置房小区物业管理项目
2026-03-31 15:49:59 - 跳过不匹配关键词的项目: [安吉县][正在报名]关于半导体产业投资基金组建及基金管理人遴选采购项目的招标公告
2026-03-31 15:49:59 - 跳过不匹配关键词的项目: [吴兴区][正在报名]吴兴文旅集团低空经济建设项目方案研究
2026-03-31 15:49:59 - 跳过不匹配关键词的项目: [长合区][正在报名]浙江长创环境科技有限公司劳务外包服务采购项目
2026-03-31 15:49:59 - 跳过不匹配关键词的项目: [安吉县][正在报名]齐云书院智慧校园采购项目
2026-03-31 15:49:59 - 跳过不匹配关键词的项目: [南浔区][正在报名]港廊古村青年入乡合作运营项目
2026-03-31 15:49:59 - 跳过不匹配关键词的项目: [市本级][正在报名]雷博公司劳务派遣信息管理系统升级迭代项目
2026-03-31 15:49:59 - 跳过不匹配关键词的项目: [吴兴区][正在报名]2026年度湖州国际红土网球中心（西区）场馆运营服务采购项目
2026-03-31 15:49:59 - 跳过不匹配关键词的项目: [德清县][正在报名]欧邦工程管理集团有限公司关于湖州莫干山高新酒店管理有限公司及下属分公司酒店布草洗涤服务采购的公开招标采购公告
2026-03-31 15:49:59 - 跳过不匹配关键词的项目: [南太湖新区][正在报名]2026年度湖州锦实股权投资有限公司财务咨询服务定点入库预发包项目
2026-03-31 15:49:59 - 跳过不匹配关键词的项目: [南浔区][正在报名]2026第九届石淙花海龙虾节活动项目
2026-03-31 15:49:59 - 是否有下一页: 否
2026-03-31 15:49:59 - 当前采集到的数据量: 1
2026-03-31 15:50:01 - 采集完成，总共采集到 1 条数据
2026-03-31 15:51:38 - 数据库连接失败，将只执行爬虫采集：数据库连接失败: SQLSTATE[HY000] [2002] No such file or directory
2026-03-31 15:51:38 - 开始抓取页面: /jyxx/001001/001001003/001001003001/sec.html?pageNum=1&title=生态
2026-03-31 15:51:39 - 抓取页面成功，开始解析
2026-03-31 15:51:39 - 找到 15 个链接
2026-03-31 15:51:39 - 找到匹配关键词的项目: [安吉县][正在报名]安吉县生态资源循环利用基地一期堆场拆房垃圾处置服务采购项目
2026-03-31 15:51:39 - 添加项目: 安吉县生态资源循环利用基地一期堆场拆房垃圾处置服务采购项目
2026-03-31 15:51:39 - 跳过不匹配关键词的项目: [安吉县][正在报名]林地空间综合治理项目管护情况验收调查购买服务项目
2026-03-31 15:51:39 - 跳过不匹配关键词的项目: [南太湖新区][正在报名]南太湖洲际酒店餐饮管事员及餐饮小时工服务项目
2026-03-31 15:51:39 - 跳过不匹配关键词的项目: [南太湖新区][正在报名]南太湖洲际酒店客房清扫员和公区保洁员服务项目
2026-03-31 15:51:39 - 跳过不匹配关键词的项目: [吴兴区][正在报名]八里店镇北片11个安置房小区物业管理项目
2026-03-31 15:51:39 - 跳过不匹配关键词的项目: [安吉县][正在报名]关于半导体产业投资基金组建及基金管理人遴选采购项目的招标公告
2026-03-31 15:51:39 - 跳过不匹配关键词的项目: [吴兴区][正在报名]吴兴文旅集团低空经济建设项目方案研究
2026-03-31 15:51:39 - 跳过不匹配关键词的项目: [长合区][正在报名]浙江长创环境科技有限公司劳务外包服务采购项目
2026-03-31 15:51:39 - 跳过不匹配关键词的项目: [安吉县][正在报名]齐云书院智慧校园采购项目
2026-03-31 15:51:39 - 跳过不匹配关键词的项目: [南浔区][正在报名]港廊古村青年入乡合作运营项目
2026-03-31 15:51:39 - 跳过不匹配关键词的项目: [市本级][正在报名]雷博公司劳务派遣信息管理系统升级迭代项目
2026-03-31 15:51:39 - 跳过不匹配关键词的项目: [吴兴区][正在报名]2026年度湖州国际红土网球中心（西区）场馆运营服务采购项目
2026-03-31 15:51:39 - 跳过不匹配关键词的项目: [德清县][正在报名]欧邦工程管理集团有限公司关于湖州莫干山高新酒店管理有限公司及下属分公司酒店布草洗涤服务采购的公开招标采购公告
2026-03-31 15:51:39 - 跳过不匹配关键词的项目: [南太湖新区][正在报名]2026年度湖州锦实股权投资有限公司财务咨询服务定点入库预发包项目
2026-03-31 15:51:39 - 跳过不匹配关键词的项目: [南浔区][正在报名]2026第九届石淙花海龙虾节活动项目
2026-03-31 15:51:39 - 是否有下一页: 否
2026-03-31 15:51:39 - 当前采集到的数据量: 1
2026-03-31 15:51:41 - 采集完成，总共采集到 1 条数据
2026-03-31 16:02:28 - 数据库连接失败，将只执行爬虫采集：数据库连接失败: SQLSTATE[HY000] [2002] No such file or directory
2026-03-31 16:02:28 - 开始抓取页面: /jyxx/001001/001001003/001001003001/sec.html?pageNum=1&title=服务
2026-03-31 16:02:28 - 抓取页面成功，开始解析
2026-03-31 16:02:28 - 找到 15 个链接
2026-03-31 16:02:28 - 找到匹配关键词的项目: [安吉县][正在报名]安吉县生态资源循环利用基地一期堆场拆房垃圾处置服务采购项目
2026-03-31 16:02:29 - 添加项目: 安吉县生态资源循环利用基地一期堆场拆房垃圾处置服务采购项目
2026-03-31 16:02:29 - 找到匹配关键词的项目: [安吉县][正在报名]林地空间综合治理项目管护情况验收调查购买服务项目
2026-03-31 16:02:29 - 添加项目: 林地空间综合治理项目管护情况验收调查购买服务项目
2026-03-31 16:02:29 - 找到匹配关键词的项目: [南太湖新区][正在报名]南太湖洲际酒店餐饮管事员及餐饮小时工服务项目
2026-03-31 16:02:29 - 添加项目: 南太湖洲际酒店餐饮管事员及餐饮小时工服务项目
2026-03-31 16:02:29 - 找到匹配关键词的项目: [南太湖新区][正在报名]南太湖洲际酒店客房清扫员和公区保洁员服务项目
2026-03-31 16:02:29 - 添加项目: 南太湖洲际酒店客房清扫员和公区保洁员服务项目
2026-03-31 16:02:29 - 跳过不匹配关键词的项目: [吴兴区][正在报名]八里店镇北片11个安置房小区物业管理项目
2026-03-31 16:02:29 - 跳过不匹配关键词的项目: [安吉县][正在报名]关于半导体产业投资基金组建及基金管理人遴选采购项目的招标公告
2026-03-31 16:02:29 - 跳过不匹配关键词的项目: [吴兴区][正在报名]吴兴文旅集团低空经济建设项目方案研究
2026-03-31 16:02:29 - 找到匹配关键词的项目: [长合区][正在报名]浙江长创环境科技有限公司劳务外包服务采购项目
2026-03-31 16:02:29 - 添加项目: 浙江长创环境科技有限公司劳务外包服务采购项目
2026-03-31 16:02:29 - 跳过不匹配关键词的项目: [安吉县][正在报名]齐云书院智慧校园采购项目
2026-03-31 16:02:29 - 跳过不匹配关键词的项目: [南浔区][正在报名]港廊古村青年入乡合作运营项目
2026-03-31 16:02:29 - 跳过不匹配关键词的项目: [市本级][正在报名]雷博公司劳务派遣信息管理系统升级迭代项目
2026-03-31 16:02:29 - 找到匹配关键词的项目: [吴兴区][正在报名]2026年度湖州国际红土网球中心（西区）场馆运营服务采购项目
2026-03-31 16:02:29 - 添加项目: 2026年度湖州国际红土网球中心（西区）场馆运营服务采购项目
2026-03-31 16:02:29 - 找到匹配关键词的项目: [德清县][正在报名]欧邦工程管理集团有限公司关于湖州莫干山高新酒店管理有限公司及下属分公司酒店布草洗涤服务采购的公开招标采购公告
2026-03-31 16:02:29 - 添加项目: 欧邦工程管理集团有限公司关于湖州莫干山高新酒店管理有限公司及下属分公司酒店布草洗涤服务采购的公开招标采购公告
2026-03-31 16:02:29 - 找到匹配关键词的项目: [南太湖新区][正在报名]2026年度湖州锦实股权投资有限公司财务咨询服务定点入库预发包项目
2026-03-31 16:02:29 - 添加项目: 2026年度湖州锦实股权投资有限公司财务咨询服务定点入库预发包项目
2026-03-31 16:02:29 - 跳过不匹配关键词的项目: [南浔区][正在报名]2026第九届石淙花海龙虾节活动项目
2026-03-31 16:02:29 - 是否有下一页: 否
2026-03-31 16:02:29 - 当前采集到的数据量: 8
2026-03-31 16:02:31 - 采集完成，总共采集到 8 条数据
2026-03-31 16:06:27 - 数据库连接失败，将只执行爬虫采集：数据库连接失败: SQLSTATE[HY000] [2002] No such file or directory
2026-03-31 16:06:27 - 开始抓取页面: /jyxx/001001/001001003/001001003001/sec.html?pageNum=1
2026-03-31 16:06:27 - 抓取页面成功，开始解析
2026-03-31 16:06:27 - 找到 15 个链接
2026-03-31 16:06:27 - 添加项目: 安吉县生态资源循环利用基地一期堆场拆房垃圾处置服务采购项目
2026-03-31 16:06:27 - 添加项目: 林地空间综合治理项目管护情况验收调查购买服务项目
2026-03-31 16:06:27 - 添加项目: 南太湖洲际酒店餐饮管事员及餐饮小时工服务项目
2026-03-31 16:06:27 - 添加项目: 南太湖洲际酒店客房清扫员和公区保洁员服务项目
2026-03-31 16:06:27 - 添加项目: 八里店镇北片11个安置房小区物业管理项目
2026-03-31 16:06:27 - 添加项目: 关于半导体产业投资基金组建及基金管理人遴选采购项目的
2026-03-31 16:06:27 - 添加项目: 吴兴文旅集团低空经济建设项目方案研究
2026-03-31 16:06:27 - 添加项目: 浙江长创环境科技有限公司劳务外包服务采购项目
2026-03-31 16:06:27 - 添加项目: 齐云书院智慧校园采购项目
2026-03-31 16:06:27 - 添加项目: 港廊古村青年入乡合作运营项目
2026-03-31 16:06:27 - 添加项目: 雷博公司劳务派遣信息管理系统升级迭代项目
2026-03-31 16:06:27 - 添加项目: 2026年度湖州国际红土网球中心（西区）场馆运营服务采购项目
2026-03-31 16:06:28 - 添加项目: 欧邦工程管理集团有限公司关于湖州莫干山高新酒店管理有限公司及下属分公司酒店布草洗涤服务采购的公开招标采购公告
2026-03-31 16:06:28 - 添加项目: 2026年度湖州锦实股权投资有限公司财务咨询服务定点入库预发包项目
2026-03-31 16:06:28 - 添加项目: 2026第九届石淙花海龙虾节活动项目
2026-03-31 16:06:28 - 是否有下一页: 否
2026-03-31 16:06:28 - 当前采集到的数据量: 15
2026-03-31 16:06:30 - 采集完成，总共采集到 15 条数据
2026-03-31 16:06:41 - 数据库连接失败，将只执行爬虫采集：数据库连接失败: SQLSTATE[HY000] [2002] No such file or directory
2026-03-31 16:06:41 - 开始抓取页面: /jyxx/001001/001001003/001001003001/sec.html?pageNum=1&title=结算
2026-03-31 16:06:41 - 抓取页面成功，开始解析
2026-03-31 16:06:41 - 找到 15 个链接
2026-03-31 16:06:41 - 跳过不匹配关键词的项目: [安吉县][正在报名]安吉县生态资源循环利用基地一期堆场拆房垃圾处置服务采购项目
2026-03-31 16:06:41 - 跳过不匹配关键词的项目: [安吉县][正在报名]林地空间综合治理项目管护情况验收调查购买服务项目
2026-03-31 16:06:41 - 跳过不匹配关键词的项目: [南太湖新区][正在报名]南太湖洲际酒店餐饮管事员及餐饮小时工服务项目
2026-03-31 16:06:41 - 跳过不匹配关键词的项目: [南太湖新区][正在报名]南太湖洲际酒店客房清扫员和公区保洁员服务项目
2026-03-31 16:06:41 - 跳过不匹配关键词的项目: [吴兴区][正在报名]八里店镇北片11个安置房小区物业管理项目
2026-03-31 16:06:41 - 跳过不匹配关键词的项目: [安吉县][正在报名]关于半导体产业投资基金组建及基金管理人遴选采购项目的招标公告
2026-03-31 16:06:41 - 跳过不匹配关键词的项目: [吴兴区][正在报名]吴兴文旅集团低空经济建设项目方案研究
2026-03-31 16:06:41 - 跳过不匹配关键词的项目: [长合区][正在报名]浙江长创环境科技有限公司劳务外包服务采购项目
2026-03-31 16:06:41 - 跳过不匹配关键词的项目: [安吉县][正在报名]齐云书院智慧校园采购项目
2026-03-31 16:06:41 - 跳过不匹配关键词的项目: [南浔区][正在报名]港廊古村青年入乡合作运营项目
2026-03-31 16:06:41 - 跳过不匹配关键词的项目: [市本级][正在报名]雷博公司劳务派遣信息管理系统升级迭代项目
2026-03-31 16:06:41 - 跳过不匹配关键词的项目: [吴兴区][正在报名]2026年度湖州国际红土网球中心（西区）场馆运营服务采购项目
2026-03-31 16:06:41 - 跳过不匹配关键词的项目: [德清县][正在报名]欧邦工程管理集团有限公司关于湖州莫干山高新酒店管理有限公司及下属分公司酒店布草洗涤服务采购的公开招标采购公告
2026-03-31 16:06:41 - 跳过不匹配关键词的项目: [南太湖新区][正在报名]2026年度湖州锦实股权投资有限公司财务咨询服务定点入库预发包项目
2026-03-31 16:06:41 - 跳过不匹配关键词的项目: [南浔区][正在报名]2026第九届石淙花海龙虾节活动项目
2026-03-31 16:06:41 - 是否有下一页: 否
2026-03-31 16:06:41 - 当前采集到的数据量: 0
2026-03-31 16:06:43 - 采集完成，总共采集到 0 条数据
2026-03-31 16:06:54 - 数据库连接失败，将只执行爬虫采集：数据库连接失败: SQLSTATE[HY000] [2002] No such file or directory
2026-03-31 16:06:54 - 开始抓取页面: /jyxx/001001/001001003/001001003001/sec.html?pageNum=1&title=2027
2026-03-31 16:06:54 - 抓取页面成功，开始解析
2026-03-31 16:06:54 - 找到 15 个链接
2026-03-31 16:06:54 - 跳过不匹配关键词的项目: [安吉县][正在报名]安吉县生态资源循环利用基地一期堆场拆房垃圾处置服务采购项目
2026-03-31 16:06:54 - 跳过不匹配关键词的项目: [安吉县][正在报名]林地空间综合治理项目管护情况验收调查购买服务项目
2026-03-31 16:06:54 - 跳过不匹配关键词的项目: [南太湖新区][正在报名]南太湖洲际酒店餐饮管事员及餐饮小时工服务项目
2026-03-31 16:06:54 - 跳过不匹配关键词的项目: [南太湖新区][正在报名]南太湖洲际酒店客房清扫员和公区保洁员服务项目
2026-03-31 16:06:54 - 跳过不匹配关键词的项目: [吴兴区][正在报名]八里店镇北片11个安置房小区物业管理项目
2026-03-31 16:06:54 - 跳过不匹配关键词的项目: [安吉县][正在报名]关于半导体产业投资基金组建及基金管理人遴选采购项目的招标公告
2026-03-31 16:06:54 - 跳过不匹配关键词的项目: [吴兴区][正在报名]吴兴文旅集团低空经济建设项目方案研究
2026-03-31 16:06:54 - 跳过不匹配关键词的项目: [长合区][正在报名]浙江长创环境科技有限公司劳务外包服务采购项目
2026-03-31 16:06:54 - 跳过不匹配关键词的项目: [安吉县][正在报名]齐云书院智慧校园采购项目
2026-03-31 16:06:54 - 跳过不匹配关键词的项目: [南浔区][正在报名]港廊古村青年入乡合作运营项目
2026-03-31 16:06:54 - 跳过不匹配关键词的项目: [市本级][正在报名]雷博公司劳务派遣信息管理系统升级迭代项目
2026-03-31 16:06:54 - 跳过不匹配关键词的项目: [吴兴区][正在报名]2026年度湖州国际红土网球中心（西区）场馆运营服务采购项目
2026-03-31 16:06:54 - 跳过不匹配关键词的项目: [德清县][正在报名]欧邦工程管理集团有限公司关于湖州莫干山高新酒店管理有限公司及下属分公司酒店布草洗涤服务采购的公开招标采购公告
2026-03-31 16:06:54 - 跳过不匹配关键词的项目: [南太湖新区][正在报名]2026年度湖州锦实股权投资有限公司财务咨询服务定点入库预发包项目
2026-03-31 16:06:54 - 跳过不匹配关键词的项目: [南浔区][正在报名]2026第九届石淙花海龙虾节活动项目
2026-03-31 16:06:54 - 是否有下一页: 否
2026-03-31 16:06:54 - 当前采集到的数据量: 0
2026-03-31 16:06:56 - 采集完成，总共采集到 0 条数据
2026-03-31 16:07:05 - 数据库连接失败，将只执行爬虫采集：数据库连接失败: SQLSTATE[HY000] [2002] No such file or directory
2026-03-31 16:07:05 - 开始抓取页面: /jyxx/001001/001001003/001001003001/sec.html?pageNum=1&title=2026
2026-03-31 16:07:05 - 抓取页面成功，开始解析
2026-03-31 16:07:05 - 找到 15 个链接
2026-03-31 16:07:05 - 跳过不匹配关键词的项目: [安吉县][正在报名]安吉县生态资源循环利用基地一期堆场拆房垃圾处置服务采购项目
2026-03-31 16:07:05 - 跳过不匹配关键词的项目: [安吉县][正在报名]林地空间综合治理项目管护情况验收调查购买服务项目
2026-03-31 16:07:05 - 跳过不匹配关键词的项目: [南太湖新区][正在报名]南太湖洲际酒店餐饮管事员及餐饮小时工服务项目
2026-03-31 16:07:05 - 跳过不匹配关键词的项目: [南太湖新区][正在报名]南太湖洲际酒店客房清扫员和公区保洁员服务项目
2026-03-31 16:07:05 - 跳过不匹配关键词的项目: [吴兴区][正在报名]八里店镇北片11个安置房小区物业管理项目
2026-03-31 16:07:05 - 跳过不匹配关键词的项目: [安吉县][正在报名]关于半导体产业投资基金组建及基金管理人遴选采购项目的招标公告
2026-03-31 16:07:05 - 跳过不匹配关键词的项目: [吴兴区][正在报名]吴兴文旅集团低空经济建设项目方案研究
2026-03-31 16:07:05 - 跳过不匹配关键词的项目: [长合区][正在报名]浙江长创环境科技有限公司劳务外包服务采购项目
2026-03-31 16:07:05 - 跳过不匹配关键词的项目: [安吉县][正在报名]齐云书院智慧校园采购项目
2026-03-31 16:07:05 - 跳过不匹配关键词的项目: [南浔区][正在报名]港廊古村青年入乡合作运营项目
2026-03-31 16:07:05 - 跳过不匹配关键词的项目: [市本级][正在报名]雷博公司劳务派遣信息管理系统升级迭代项目
2026-03-31 16:07:05 - 找到匹配关键词的项目: [吴兴区][正在报名]2026年度湖州国际红土网球中心（西区）场馆运营服务采购项目
2026-03-31 16:07:05 - 添加项目: 2026年度湖州国际红土网球中心（西区）场馆运营服务采购项目
2026-03-31 16:07:05 - 跳过不匹配关键词的项目: [德清县][正在报名]欧邦工程管理集团有限公司关于湖州莫干山高新酒店管理有限公司及下属分公司酒店布草洗涤服务采购的公开招标采购公告
2026-03-31 16:07:05 - 找到匹配关键词的项目: [南太湖新区][正在报名]2026年度湖州锦实股权投资有限公司财务咨询服务定点入库预发包项目
2026-03-31 16:07:05 - 添加项目: 2026年度湖州锦实股权投资有限公司财务咨询服务定点入库预发包项目
2026-03-31 16:07:05 - 找到匹配关键词的项目: [南浔区][正在报名]2026第九届石淙花海龙虾节活动项目
2026-03-31 16:07:05 - 添加项目: 2026第九届石淙花海龙虾节活动项目
2026-03-31 16:07:05 - 是否有下一页: 否
2026-03-31 16:07:05 - 当前采集到的数据量: 3
2026-03-31 16:07:07 - 采集完成，总共采集到 3 条数据
2026-03-31 16:07:59 - 数据库连接失败，将只执行爬虫采集：数据库连接失败: SQLSTATE[HY000] [2002] No such file or directory
2026-03-31 16:07:59 - 开始抓取页面: /jyxx/001001/001001003/001001003001/sec.html?pageNum=1&title=审计
2026-03-31 16:08:00 - 抓取页面成功，开始解析
2026-03-31 16:08:00 - 找到 15 个链接
2026-03-31 16:08:00 - 跳过不匹配关键词的项目: [安吉县][正在报名]安吉县生态资源循环利用基地一期堆场拆房垃圾处置服务采购项目
2026-03-31 16:08:00 - 跳过不匹配关键词的项目: [安吉县][正在报名]林地空间综合治理项目管护情况验收调查购买服务项目
2026-03-31 16:08:00 - 跳过不匹配关键词的项目: [南太湖新区][正在报名]南太湖洲际酒店餐饮管事员及餐饮小时工服务项目
2026-03-31 16:08:00 - 跳过不匹配关键词的项目: [南太湖新区][正在报名]南太湖洲际酒店客房清扫员和公区保洁员服务项目
2026-03-31 16:08:00 - 跳过不匹配关键词的项目: [吴兴区][正在报名]八里店镇北片11个安置房小区物业管理项目
2026-03-31 16:08:00 - 跳过不匹配关键词的项目: [安吉县][正在报名]关于半导体产业投资基金组建及基金管理人遴选采购项目的招标公告
2026-03-31 16:08:00 - 跳过不匹配关键词的项目: [吴兴区][正在报名]吴兴文旅集团低空经济建设项目方案研究
2026-03-31 16:08:00 - 跳过不匹配关键词的项目: [长合区][正在报名]浙江长创环境科技有限公司劳务外包服务采购项目
2026-03-31 16:08:00 - 跳过不匹配关键词的项目: [安吉县][正在报名]齐云书院智慧校园采购项目
2026-03-31 16:08:00 - 跳过不匹配关键词的项目: [南浔区][正在报名]港廊古村青年入乡合作运营项目
2026-03-31 16:08:00 - 跳过不匹配关键词的项目: [市本级][正在报名]雷博公司劳务派遣信息管理系统升级迭代项目
2026-03-31 16:08:00 - 跳过不匹配关键词的项目: [吴兴区][正在报名]2026年度湖州国际红土网球中心（西区）场馆运营服务采购项目
2026-03-31 16:08:00 - 跳过不匹配关键词的项目: [德清县][正在报名]欧邦工程管理集团有限公司关于湖州莫干山高新酒店管理有限公司及下属分公司酒店布草洗涤服务采购的公开招标采购公告
2026-03-31 16:08:00 - 跳过不匹配关键词的项目: [南太湖新区][正在报名]2026年度湖州锦实股权投资有限公司财务咨询服务定点入库预发包项目
2026-03-31 16:08:00 - 跳过不匹配关键词的项目: [南浔区][正在报名]2026第九届石淙花海龙虾节活动项目
2026-03-31 16:08:00 - 是否有下一页: 否
2026-03-31 16:08:00 - 当前采集到的数据量: 0
2026-03-31 16:08:02 - 采集完成，总共采集到 0 条数据
2026-03-31 16:08:10 - 数据库连接失败，将只执行爬虫采集：数据库连接失败: SQLSTATE[HY000] [2002] No such file or directory
2026-03-31 16:08:10 - 开始抓取页面: /jyxx/001001/001001003/001001003001/sec.html?pageNum=1&title=跟踪
2026-03-31 16:08:11 - 抓取页面成功，开始解析
2026-03-31 16:08:11 - 找到 15 个链接
2026-03-31 16:08:11 - 跳过不匹配关键词的项目: [安吉县][正在报名]安吉县生态资源循环利用基地一期堆场拆房垃圾处置服务采购项目
2026-03-31 16:08:11 - 跳过不匹配关键词的项目: [安吉县][正在报名]林地空间综合治理项目管护情况验收调查购买服务项目
2026-03-31 16:08:11 - 跳过不匹配关键词的项目: [南太湖新区][正在报名]南太湖洲际酒店餐饮管事员及餐饮小时工服务项目
2026-03-31 16:08:11 - 跳过不匹配关键词的项目: [南太湖新区][正在报名]南太湖洲际酒店客房清扫员和公区保洁员服务项目
2026-03-31 16:08:11 - 跳过不匹配关键词的项目: [吴兴区][正在报名]八里店镇北片11个安置房小区物业管理项目
2026-03-31 16:08:11 - 跳过不匹配关键词的项目: [安吉县][正在报名]关于半导体产业投资基金组建及基金管理人遴选采购项目的招标公告
2026-03-31 16:08:11 - 跳过不匹配关键词的项目: [吴兴区][正在报名]吴兴文旅集团低空经济建设项目方案研究
2026-03-31 16:08:11 - 跳过不匹配关键词的项目: [长合区][正在报名]浙江长创环境科技有限公司劳务外包服务采购项目
2026-03-31 16:08:11 - 跳过不匹配关键词的项目: [安吉县][正在报名]齐云书院智慧校园采购项目
2026-03-31 16:08:11 - 跳过不匹配关键词的项目: [南浔区][正在报名]港廊古村青年入乡合作运营项目
2026-03-31 16:08:11 - 跳过不匹配关键词的项目: [市本级][正在报名]雷博公司劳务派遣信息管理系统升级迭代项目
2026-03-31 16:08:11 - 跳过不匹配关键词的项目: [吴兴区][正在报名]2026年度湖州国际红土网球中心（西区）场馆运营服务采购项目
2026-03-31 16:08:11 - 跳过不匹配关键词的项目: [德清县][正在报名]欧邦工程管理集团有限公司关于湖州莫干山高新酒店管理有限公司及下属分公司酒店布草洗涤服务采购的公开招标采购公告
2026-03-31 16:08:11 - 跳过不匹配关键词的项目: [南太湖新区][正在报名]2026年度湖州锦实股权投资有限公司财务咨询服务定点入库预发包项目
2026-03-31 16:08:11 - 跳过不匹配关键词的项目: [南浔区][正在报名]2026第九届石淙花海龙虾节活动项目
2026-03-31 16:08:11 - 是否有下一页: 否
2026-03-31 16:08:11 - 当前采集到的数据量: 0
2026-03-31 16:08:13 - 采集完成，总共采集到 0 条数据
2026-03-31 16:08:33 - 数据库连接失败，将只执行爬虫采集：数据库连接失败: SQLSTATE[HY000] [2002] No such file or directory
2026-03-31 16:08:33 - 开始抓取页面: /jyxx/001001/001001003/001001003001/sec.html?pageNum=1&title=运营项目
2026-03-31 16:08:33 - 抓取页面成功，开始解析
2026-03-31 16:08:33 - 找到 15 个链接
2026-03-31 16:08:33 - 跳过不匹配关键词的项目: [安吉县][正在报名]安吉县生态资源循环利用基地一期堆场拆房垃圾处置服务采购项目
2026-03-31 16:08:33 - 跳过不匹配关键词的项目: [安吉县][正在报名]林地空间综合治理项目管护情况验收调查购买服务项目
2026-03-31 16:08:33 - 跳过不匹配关键词的项目: [南太湖新区][正在报名]南太湖洲际酒店餐饮管事员及餐饮小时工服务项目
2026-03-31 16:08:33 - 跳过不匹配关键词的项目: [南太湖新区][正在报名]南太湖洲际酒店客房清扫员和公区保洁员服务项目
2026-03-31 16:08:33 - 跳过不匹配关键词的项目: [吴兴区][正在报名]八里店镇北片11个安置房小区物业管理项目
2026-03-31 16:08:33 - 跳过不匹配关键词的项目: [安吉县][正在报名]关于半导体产业投资基金组建及基金管理人遴选采购项目的招标公告
2026-03-31 16:08:33 - 跳过不匹配关键词的项目: [吴兴区][正在报名]吴兴文旅集团低空经济建设项目方案研究
2026-03-31 16:08:33 - 跳过不匹配关键词的项目: [长合区][正在报名]浙江长创环境科技有限公司劳务外包服务采购项目
2026-03-31 16:08:33 - 跳过不匹配关键词的项目: [安吉县][正在报名]齐云书院智慧校园采购项目
2026-03-31 16:08:33 - 找到匹配关键词的项目: [南浔区][正在报名]港廊古村青年入乡合作运营项目
2026-03-31 16:08:33 - 添加项目: 港廊古村青年入乡合作运营项目
2026-03-31 16:08:33 - 跳过不匹配关键词的项目: [市本级][正在报名]雷博公司劳务派遣信息管理系统升级迭代项目
2026-03-31 16:08:33 - 跳过不匹配关键词的项目: [吴兴区][正在报名]2026年度湖州国际红土网球中心（西区）场馆运营服务采购项目
2026-03-31 16:08:33 - 跳过不匹配关键词的项目: [德清县][正在报名]欧邦工程管理集团有限公司关于湖州莫干山高新酒店管理有限公司及下属分公司酒店布草洗涤服务采购的公开招标采购公告
2026-03-31 16:08:33 - 跳过不匹配关键词的项目: [南太湖新区][正在报名]2026年度湖州锦实股权投资有限公司财务咨询服务定点入库预发包项目
2026-03-31 16:08:33 - 跳过不匹配关键词的项目: [南浔区][正在报名]2026第九届石淙花海龙虾节活动项目
2026-03-31 16:08:33 - 是否有下一页: 否
2026-03-31 16:08:33 - 当前采集到的数据量: 1
2026-03-31 16:08:35 - 采集完成，总共采集到 1 条数据
